ASxxxx Linker V03.00 + NoICE + sdld,  page 1.
Hexadecimal  [32-Bits]

Area                       Addr        Size        Decimal Bytes (Attributes)
--------------------       ----        ----        ------- ----- ------------
.  .ABS.               00000000    00000000 =           0. bytes (ABS,CON)

        Value  Global            Value  Global            Value  Global    
        -----  ------            -----  ------            -----  ------    
     00000000  .__.ABS.  |    00000000  _rRAMG    |    00000000  l__BASE  
     00000000  l__BSS    |    00000000  l__CABS   |    00000000  l__CODE_0
     00000000  l__DABS   |    00000000  l__FONT_H |    00000000  l__HEADER
     00000000  l__HEADER |    00000000  l__HEAP   |    00000000  l__HRAM  
     00000000  l__LIT    |    00000000  s__CABS   |    00000000  s__DABS  
     00000000  s__FONT_H |    00000000  s__FONT_H |    00000000  s__HEADER
     00000000  s__HEADER |    00000000  s__HEADER |    00000000  s__HEADER
     00000000  s__HEADER |    00000000  s__HEADER |    00000000  s__HEADER
     00000000  s__HEADER |    00000000  s__HEADER |    00000000  s__HEADER
     00000000  s__HEADER |    00000000  s__HEADER |    00000000  s__HEADER
     00000000  s__HEADER |    00000000  s__HEADER |    00000000  s__HEADER
     00000000  s__HEADER |    00000000  s__HEADER |    00000000  s__HEADER
     00000000  s__HEADER |    00000000  s__HEADER |    00000000  s__HRAM  
     00000000  s__HRAM12 |    00000001  l__GSFINA |    00000001  l__HEADER
     00000001  l__HEADER |    00000001  l__HEADER |    00000001  l__HEADER
     00000001  l__HEADER |    00000001  l__HEADER |    00000001  l__HEADER
     00000002  l__HEADER |    00000002  l__HEADER |    00000002  l__HEADER
     00000003  l__FONT_H |    00000003  l__HEADER |    00000003  l__HEADER
     00000003  l__HRAM12 |    00000005  l__HEADER |    00000006  l__HEADER
     00000007  l__HEADER |    00000008  l__HEADER |    0000000C  l__GSINIT
     00000030  l__HEADER |    0000003F  l__DATA   |    0000004E  l__HEADER
     00000065  l__INITIA |    00000065  l__INITIA |    00000082  l__HEADER
     00000200  s__CODE   |    000005E7  l__CODE   |    000007E7  s__HOME  
     000008D0  l__HOME   |    000010B7  s__BASE   |    000010B7  s__CODE_0
     000010B7  s__INITIA |    000010B7  s__LIT    |    0000111C  s__GSINIT
     00001128  s__GSFINA |    00002000  _rROMB0   |    00003000  _rROMB1  
     00004000  _rRAMB    |    00008000  __VRAM    |    00008000  __VRAM800
     00008800  __VRAM880 |    00009000  __VRAM900 |    00009800  __SCRN0  
     00009C00  __SCRN1   |    0000A000  __SRAM    |    0000C000  __RAM    
     0000C000  _shadow_O |    0000C0A0  s__DATA   |    0000C0DF  s__BSS   
     0000C0DF  s__INITIA |    0000C144  s__HEAP   |    0000D000  __RAMBANK
     0000E000  .STACK    |    0000FE00  __OAMRAM  |    0000FF00  _P1_REG  
     0000FF00  __IO      |    0000FF01  _SB_REG   |    0000FF02  _SC_REG  
     0000FF04  _DIV_REG  |    0000FF05  _TIMA_REG |    0000FF06  _TMA_REG 
     0000FF07  _TAC_REG  |    0000FF0F  _IF_REG   |    0000FF10  _NR10_REG
     0000FF11  _NR11_REG |    0000FF12  _NR12_REG |    0000FF13  _NR13_REG
     0000FF14  _NR14_REG |    0000FF16  _NR21_REG |    0000FF17  _NR22_REG
     0000FF18  _NR23_REG |    0000FF19  _NR24_REG |    0000FF1A  _NR30_REG
     0000FF1B  _NR31_REG |    0000FF1C  _NR32_REG |    0000FF1D  _NR33_REG
     0000FF1E  _NR34_REG |    0000FF20  _NR41_REG |    0000FF21  _NR42_REG
     0000FF22  _NR43_REG |    0000FF23  _NR44_REG |    0000FF24  _NR50_REG
     0000FF25  _NR51_REG |    0000FF26  _NR52_REG |    0000FF30  _PCM_SAMP
     0000FF30  __AUD3WAV |    0000FF40  _LCDC_REG |    0000FF41  _STAT_REG
     0000FF42  _SCY_REG  |    0000FF43  _SCX_REG  |    0000FF44  _LY_REG  
     0000FF45  _LYC_REG  |    0000FF46  _DMA_REG  |    0000FF47  _BGP_REG 
     0000FF48  _OBP0_REG |    0000FF49  _OBP1_REG |    0000FF4A  _WY_REG  
     0000FF4B  _WX_REG   |    0000FF4D  _KEY1_REG |    0000FF4F  _VBK_REG 
     0000FF51  _HDMA1_RE |    0000FF52  _HDMA2_RE |    0000FF53  _HDMA3_RE
     0000FF54  _HDMA4_RE |    0000FF55  _HDMA5_RE |    0000FF56  _RP_REG  
     0000FF68  _BCPS_REG |    0000FF69  _BCPD_REG |    0000FF6A  _OCPS_REG
ASxxxx Linker V03.00 + NoICE + sdld,  page 2.
Hexadecimal  [32-Bits]

Area                       Addr        Size        Decimal Bytes (Attributes)
--------------------       ----        ----        ------- ----- ------------
.  .ABS.               00000000    00000000 =           0. bytes (ABS,CON)

        Value  Global            Value  Global            Value  Global    
        -----  ------            -----  ------            -----  ------    
     0000FF6B  _OCPD_REG |    0000FF70  _SVBK_REG |    0000FF76  _PCM12_RE
     0000FF77  _PCM34_RE |    0000FF80  .refresh_ |    0000FF80  __HRAM   
     0000FFFF  _IE_REG  
ASxxxx Linker V03.00 + NoICE + sdld,  page 3.
Hexadecimal  [32-Bits]

Area                       Addr        Size        Decimal Bytes (Attributes)
--------------------       ----        ----        ------- ----- ------------
_CODE                  00000200    000005E7 =        1511. bytes (REL,CON)

        Value  Global            Value  Global            Value  Global    
        -----  ------            -----  ------            -----  ------    
     00000200  _change_s |    00000260  _animate_ |    00000282  _translat
     0000031B  _sprite_s |    0000033C  _event_lo |    00000346  _main    
     0000036C  _printf   |    0000042F  ___printf |    000007C6  _sprintf 
ASxxxx Linker V03.00 + NoICE + sdld,  page 4.
Hexadecimal  [32-Bits]

Area                       Addr        Size        Decimal Bytes (Attributes)
--------------------       ----        ----        ------- ----- ------------
_HEADER0               00000000    00000001 =           1. bytes (ABS,CON)

        Value  Global            Value  Global            Value  Global    
        -----  ------            -----  ------            -----  ------    
     00000020  .call_hl 
ASxxxx Linker V03.00 + NoICE + sdld,  page 5.
Hexadecimal  [32-Bits]

Area                       Addr        Size        Decimal Bytes (Attributes)
--------------------       ----        ----        ------- ----- ------------
_HEADER1               00000000    00000005 =           5. bytes (ABS,CON)

        Value  Global            Value  Global            Value  Global    
        -----  ------            -----  ------            -----  ------    
     00000028  .MemsetSm
ASxxxx Linker V03.00 + NoICE + sdld,  page 6.
Hexadecimal  [32-Bits]

Area                       Addr        Size        Decimal Bytes (Attributes)
--------------------       ----        ----        ------- ----- ------------
_HEADER2               00000000    00000007 =           7. bytes (ABS,CON)

        Value  Global            Value  Global            Value  Global    
        -----  ------            -----  ------            -----  ------    
     00000030  .MemcpySm
ASxxxx Linker V03.00 + NoICE + sdld,  page 7.
Hexadecimal  [32-Bits]

Area                       Addr        Size        Decimal Bytes (Attributes)
--------------------       ----        ----        ------- ----- ------------
_HEADER3               00000000    00000008 =           8. bytes (ABS,CON)

        Value  Global            Value  Global            Value  Global    
        -----  ------            -----  ------            -----  ------    
ASxxxx Linker V03.00 + NoICE + sdld,  page 8.
Hexadecimal  [32-Bits]

Area                       Addr        Size        Decimal Bytes (Attributes)
--------------------       ----        ----        ------- ----- ------------
_HEADER4               00000000    0000004E =          78. bytes (ABS,CON)

        Value  Global            Value  Global            Value  Global    
        -----  ------            -----  ------            -----  ------    
     00000080  .int      |    0000008F  _wait_int |    0000009C  __standar
     000000AC  _refresh_
ASxxxx Linker V03.00 + NoICE + sdld,  page 9.
Hexadecimal  [32-Bits]

Area                       Addr        Size        Decimal Bytes (Attributes)
--------------------       ----        ----        ------- ----- ------------
_HEADER5               00000000    00000002 =           2. bytes (ABS,CON)

        Value  Global            Value  Global            Value  Global    
        -----  ------            -----  ------            -----  ------    
ASxxxx Linker V03.00 + NoICE + sdld,  page 10.
Hexadecimal  [32-Bits]

Area                       Addr        Size        Decimal Bytes (Attributes)
--------------------       ----        ----        ------- ----- ------------
_HEADER6               00000000    00000030 =          48. bytes (ABS,CON)

        Value  Global            Value  Global            Value  Global    
        -----  ------            -----  ------            -----  ------    
ASxxxx Linker V03.00 + NoICE + sdld,  page 11.
Hexadecimal  [32-Bits]

Area                       Addr        Size        Decimal Bytes (Attributes)
--------------------       ----        ----        ------- ----- ------------
_HEADER7               00000000    00000006 =           6. bytes (ABS,CON)

        Value  Global            Value  Global            Value  Global    
        -----  ------            -----  ------            -----  ------    
ASxxxx Linker V03.00 + NoICE + sdld,  page 12.
Hexadecimal  [32-Bits]

Area                       Addr        Size        Decimal Bytes (Attributes)
--------------------       ----        ----        ------- ----- ------------
_HEADER8               00000000    00000003 =           3. bytes (ABS,CON)

        Value  Global            Value  Global            Value  Global    
        -----  ------            -----  ------            -----  ------    
ASxxxx Linker V03.00 + NoICE + sdld,  page 13.
Hexadecimal  [32-Bits]

Area                       Addr        Size        Decimal Bytes (Attributes)
--------------------       ----        ----        ------- ----- ------------
_HEADER9               00000000    00000001 =           1. bytes (ABS,CON)

        Value  Global            Value  Global            Value  Global    
        -----  ------            -----  ------            -----  ------    
ASxxxx Linker V03.00 + NoICE + sdld,  page 14.
Hexadecimal  [32-Bits]

Area                       Addr        Size        Decimal Bytes (Attributes)
--------------------       ----        ----        ------- ----- ------------
_HEADERa               00000000    00000001 =           1. bytes (ABS,CON)

        Value  Global            Value  Global            Value  Global    
        -----  ------            -----  ------            -----  ------    
ASxxxx Linker V03.00 + NoICE + sdld,  page 15.
Hexadecimal  [32-Bits]

Area                       Addr        Size        Decimal Bytes (Attributes)
--------------------       ----        ----        ------- ----- ------------
_HEADERb               00000000    00000001 =           1. bytes (ABS,CON)

        Value  Global            Value  Global            Value  Global    
        -----  ------            -----  ------            -----  ------    
ASxxxx Linker V03.00 + NoICE + sdld,  page 16.
Hexadecimal  [32-Bits]

Area                       Addr        Size        Decimal Bytes (Attributes)
--------------------       ----        ----        ------- ----- ------------
_HEADERc               00000000    00000002 =           2. bytes (ABS,CON)

        Value  Global            Value  Global            Value  Global    
        -----  ------            -----  ------            -----  ------    
ASxxxx Linker V03.00 + NoICE + sdld,  page 17.
Hexadecimal  [32-Bits]

Area                       Addr        Size        Decimal Bytes (Attributes)
--------------------       ----        ----        ------- ----- ------------
_HEADERd               00000000    00000001 =           1. bytes (ABS,CON)

        Value  Global            Value  Global            Value  Global    
        -----  ------            -----  ------            -----  ------    
ASxxxx Linker V03.00 + NoICE + sdld,  page 18.
Hexadecimal  [32-Bits]

Area                       Addr        Size        Decimal Bytes (Attributes)
--------------------       ----        ----        ------- ----- ------------
_HEADERe               00000000    00000001 =           1. bytes (ABS,CON)

        Value  Global            Value  Global            Value  Global    
        -----  ------            -----  ------            -----  ------    
ASxxxx Linker V03.00 + NoICE + sdld,  page 19.
Hexadecimal  [32-Bits]

Area                       Addr        Size        Decimal Bytes (Attributes)
--------------------       ----        ----        ------- ----- ------------
_HEADERf               00000000    00000002 =           2. bytes (ABS,CON)

        Value  Global            Value  Global            Value  Global    
        -----  ------            -----  ------            -----  ------    
ASxxxx Linker V03.00 + NoICE + sdld,  page 20.
Hexadecimal  [32-Bits]

Area                       Addr        Size        Decimal Bytes (Attributes)
--------------------       ----        ----        ------- ----- ------------
_HEADER10              00000000    00000082 =         130. bytes (ABS,CON)

        Value  Global            Value  Global            Value  Global    
        -----  ------            -----  ------            -----  ------    
     00000150  .reset    |    00000150  _reset    |    00000157  .code_sta
     000001B7  _exit     |    000001BB  _set_inte
ASxxxx Linker V03.00 + NoICE + sdld,  page 21.
Hexadecimal  [32-Bits]

Area                       Addr        Size        Decimal Bytes (Attributes)
--------------------       ----        ----        ------- ----- ------------
_HEADER11              00000000    00000001 =           1. bytes (ABS,CON)

        Value  Global            Value  Global            Value  Global    
        -----  ------            -----  ------            -----  ------    
ASxxxx Linker V03.00 + NoICE + sdld,  page 22.
Hexadecimal  [32-Bits]

Area                       Addr        Size        Decimal Bytes (Attributes)
--------------------       ----        ----        ------- ----- ------------
_HOME                  000007E7    000008D0 =        2256. bytes (REL,CON)

        Value  Global            Value  Global            Value  Global    
        -----  ------            -----  ------            -----  ------    
     000007E7  .memset_s |    000007F0  .memcpy_s |    0000080D  .remove_V
     00000810  .remove_i |    0000082D  .add_VBL  |    00000830  .add_int 
     0000083B  .wait_vbl |    0000083B  _wait_vbl |    0000084B  .display_
     0000084B  _display_ |    00000863  _remove_V |    0000086E  _add_VBL 
     00000879  _set_tile |    0000087E  _set_bkg_ |    0000087E  _set_win_
     00000886  _set_spri |    000008B6  .padup    |    000008B6  _waitpadu
     000008C6  .jpad     |    000008C6  _joypad   |    000008EE  _waitpad 
     000008F1  .wait_pad |    000008F8  _delay    |    000008FD  .delay   
     00000929  _font_loa |    00000930  font_load |    00000978  font_copy
     000009AE  font_set  |    000009BB  .put_char |    000009D3  .out_char
     000009D9  .del_char |    00000A2F  _putchar  |    00000A38  _setchar 
     00000A41  _font_loa |    00000A4F  _font_set |    00000A5E  _font_ini
     00000A7D  .cls      |    00000A7D  _cls      |    00000A9F  _gotoxy  
     00000AAA  _posx     |    00000ABB  _posy     |    00000AE3  .cr_curs 
     00000AF8  .adv_curs |    00000B54  .tmode    |    00000B7D  .tmode_ou
     00000B86  _color    |    00000B86  _set_1bpp |    00000B95  .drawing_
     00000BA0  .drawing_ |    00000BDC  _add_LCD  |    00000BE7  .add_LCD 
     00000BED  _remove_L |    00000BF8  .remove_L |    00000BFE  _font_ibm
     00000FB0  _uitoa    |    00000FBF  _itoa     |    00000FCE  .itoa    
     00000FE2  .utoa     |    00001056  _set_bkg_ |    00001056  _set_win_
     0000105E  _set_spri |    000010B6  ___sdcc_c
ASxxxx Linker V03.00 + NoICE + sdld,  page 23.
Hexadecimal  [32-Bits]

Area                       Addr        Size        Decimal Bytes (Attributes)
--------------------       ----        ----        ------- ----- ------------
_INITIALIZER           000010B7    00000065 =         101. bytes (REL,CON)

        Value  Global            Value  Global            Value  Global    
        -----  ------            -----  ------            -----  ------    
ASxxxx Linker V03.00 + NoICE + sdld,  page 24.
Hexadecimal  [32-Bits]

Area                       Addr        Size        Decimal Bytes (Attributes)
--------------------       ----        ----        ------- ----- ------------
_GSINIT                0000111C    0000000C =          12. bytes (REL,CON)

        Value  Global            Value  Global            Value  Global    
        -----  ------            -----  ------            -----  ------    
     0000111C  gsinit   
ASxxxx Linker V03.00 + NoICE + sdld,  page 25.
Hexadecimal  [32-Bits]

Area                       Addr        Size        Decimal Bytes (Attributes)
--------------------       ----        ----        ------- ----- ------------
_GSFINAL               00001128    00000001 =           1. bytes (REL,CON)

        Value  Global            Value  Global            Value  Global    
        -----  ------            -----  ------            -----  ------    
ASxxxx Linker V03.00 + NoICE + sdld,  page 26.
Hexadecimal  [32-Bits]

Area                       Addr        Size        Decimal Bytes (Attributes)
--------------------       ----        ----        ------- ----- ------------
_DATA                  0000C0A0    0000003F =          63. bytes (REL,CON)

        Value  Global            Value  Global            Value  Global    
        -----  ------            -----  ------            -----  ------    
     0000C0A0  __cpu     |    0000C0A1  __is_GBA  |    0000C0A2  .mode    
     0000C0A3  .sys_time |    0000C0A3  _sys_time |    0000C0A5  .int_0x40
     0000C0B9  font_curr |    0000C0BC  font_firs |    0000C0BD  font_tabl
     0000C0CF  .int_0x48
ASxxxx Linker V03.00 + NoICE + sdld,  page 27.
Hexadecimal  [32-Bits]

Area                       Addr        Size        Decimal Bytes (Attributes)
--------------------       ----        ----        ------- ----- ------------
_INITIALIZED           0000C0DF    00000065 =         101. bytes (REL,CON)

        Value  Global            Value  Global            Value  Global    
        -----  ------            -----  ------            -----  ------    
     0000C0DF  _SmileToS |    0000C13F  .curx     |    0000C140  .cury    
     0000C141  .fg_colou |    0000C141  __current |    0000C142  .bg_colou
     0000C143  .draw_mod
ASxxxx Linker V03.00 + NoICE + sdld,  page 28.
Hexadecimal  [32-Bits]

Area                       Addr        Size        Decimal Bytes (Attributes)
--------------------       ----        ----        ------- ----- ------------
_HRAM12                00000000    00000003 =           3. bytes (ABS,CON)

        Value  Global            Value  Global            Value  Global    
        -----  ------            -----  ------            -----  ------    
     0000FF90  __current |    0000FF92  __shadow_
ASxxxx Linker V03.00 + NoICE + sdld,  page 29.
Hexadecimal  [32-Bits]

Area                       Addr        Size        Decimal Bytes (Attributes)
--------------------       ----        ----        ------- ----- ------------
_FONT_HEADER0          00000000    00000003 =           3. bytes (ABS,CON)

        Value  Global            Value  Global            Value  Global    
        -----  ------            -----  ------            -----  ------    
ASxxxx Linker V03.00 + NoICE + sdld,  page 30.
Hexadecimal  [32-Bits]

Area                       Addr        Size        Decimal Bytes (Attributes)
--------------------       ----        ----        ------- ----- ------------
_HEADER_LCD0           00000000    00000003 =           3. bytes (ABS,CON)

        Value  Global            Value  Global            Value  Global    
        -----  ------            -----  ------            -----  ------    
ASxxxx Linker V03.00 + NoICE + sdld,  page 31.

Files Linked                              [ module(s) ]

c:\gbdk\lib/small/asxxxx/gb/crt0.o        [ Runtime ]
main.o                                    [ main ]


Libraries Linked                          [ object file ]

c:\gbdk\lib/small/asxxxx/gb/gb.lib        [ set_data.o ]
c:\gbdk\lib/small/asxxxx/gb/gb.lib        [ pad.o ]
c:\gbdk\lib/small/asxxxx/gb/gb.lib        [ delay.o ]
c:\gbdk\lib/small/asxxxx/gbz80/gbz80.lib  [ printf.o ]
c:\gbdk\lib/small/asxxxx/gb/gb.lib        [ sfr.o ]
c:\gbdk\lib/small/asxxxx/gb/gb.lib        [ font.o ]
c:\gbdk\lib/small/asxxxx/gb/gb.lib        [ color.o ]
c:\gbdk\lib/small/asxxxx/gb/gb.lib        [ drawing_isr.o ]
c:\gbdk\lib/small/asxxxx/gb/gb.lib        [ lcd.o ]
c:\gbdk\lib/small/asxxxx/gb/gb.lib        [ f_ibm_sh.o ]
c:\gbdk\lib/small/asxxxx/gbz80/gbz80.lib  [ sprintf.o ]
c:\gbdk\lib/small/asxxxx/gbz80/gbz80.lib  [ itoa.o ]
c:\gbdk\lib/small/asxxxx/gb/gb.lib        [ set_1bit_data.o ]
c:\gbdk\lib/small/asxxxx/gbz80/gbz80.lib  [ __sdcc_call_hl.o ]

ASxxxx Linker V03.00 + NoICE + sdld,  page 32.

User Base Address Definitions

_DATA=0xC0A0
_CODE=0x0200
ASxxxx Linker V03.00 + NoICE + sdld,  page 33.

User Global Definitions

_shadow_OAM=0xC000
.STACK=0xE000
.refresh_OAM=0xFF80

